Plugins:
Bundled analyzers:
  - JaCoCo 1.3.0.1538 (jacoco)
  - IaC Code Quality and Security 1.50.0.16452 (iac)
  - Text Code Quality and Security 2.30.0.8328 (text)
  - Clean as You Code 2.4.0.2018 (cayc)
Global server settings:
  - sonar.azureresourcemanager.file.suffixes=.bicep
  - sonar.core.id=147B411E-AZnU9ipuC5KRgz-lfDZg
  - sonar.core.startTime=2025-10-26T09:32:42+0100
  - sonar.cs.file.suffixes=.cs,.razor
  - sonar.css.file.suffixes=.css,.less,.scss,.sass
  - sonar.docker.file.patterns=Dockerfile,*.dockerfile
  - sonar.flex.file.suffixes=as
  - sonar.forceAuthentication=true
  - sonar.go.file.suffixes=.go
  - sonar.html.file.suffixes=.html,.xhtml,.cshtml,.vbhtml,.aspx,.ascx,.rhtml,.erb,.shtm,.shtml,.cmp,.twig
  - sonar.ipynb.file.suffixes=ipynb
  - sonar.java.file.suffixes=.java,.jav
  - sonar.java.jvmframeworkconfig.file.patterns=**/src/main/resources/**/*app*.properties,**/src/main/resources/**/*app*.yaml,**/src/main/resources/**/*app*.yml
  - sonar.javascript.file.suffixes=.js,.jsx,.cjs,.mjs,.vue
  - sonar.json.file.suffixes=.json
  - sonar.jsp.file.suffixes=.jsp,.jspf,.jspx
  - sonar.kotlin.file.suffixes=.kt,.kts
  - sonar.multi-quality-mode.enabled=true
  - sonar.php.file.suffixes=php,php3,php4,php5,phtml,inc
  - sonar.python.file.suffixes=py
  - sonar.qualityProfiles.allowDisableInheritedRules=true
  - sonar.ruby.file.suffixes=.rb
  - sonar.rust.file.suffixes=.rs
  - sonar.scala.file.suffixes=.scala
  - sonar.terraform.file.suffixes=.tf
  - sonar.typescript.file.suffixes=.ts,.tsx,.cts,.mts
  - sonar.vbnet.file.suffixes=.vb
  - sonar.xml.file.suffixes=.xml,.xsd,.xsl,.config
  - sonar.yaml.file.suffixes=.yaml,.yml
Project server settings:
Project scanner properties:
  - sonar.host.url=http://localhost:9000
  - sonar.java.binaries=C:/Users/win/Downloads/JeuMines-20251011T192442Z-1-001/out/production/JeuMines-20251011T192442Z-1-001
  - sonar.java.libraries=
  - sonar.java.source=8
  - sonar.login=******
  - sonar.projectBaseDir=C:\Users\win\Downloads\JeuMines-20251011T192442Z-1-001
  - sonar.projectKey=SonarAnalyzer:JeuMines-20251011T192442Z-1-001
  - sonar.scanner.app=Intellij Sonar plugin
  - sonar.scanner.appVersion=0.2.2
  - sonar.sourceEncoding=UTF-8
  - sonar.sources=C:/Users/win/Downloads/JeuMines-20251011T192442Z-1-001/JeuMines/images,C:/Users/win/Downloads/JeuMines-20251011T192442Z-1-001/JeuMines/src
  - sonar.tests=
  - sonar.working.directory=C:\Users\win\Downloads\JeuMines-20251011T192442Z-1-001\.idea\SonarAnalyzer\.scannerwork
